// Jest Snapshot v1, https://goo.gl/fbAQLP

exports[`KeyboardShortcuts should passes through props to children wrapper 1`] = `"<div class=\\"is-ok\\"><textarea></textarea></div>"`;
